// Jest Snapshot v1, https://goo.gl/fbAQLP

exports[`correnctly increments the counter 1`] = `ShallowWrapper {}`;

exports[`expect to render CounterButton componet  1`] = `
<button
  color="red"
  id="counter"
  onClick={[Function]}
>
  Count: 
  0
</button>
`;
