// Jest Snapshot v1, https://goo.gl/fbAQLP

exports[`renders MainPage without crashing 1`] = `
<div
  className="tc"
>
  <div>
    <h1
      className="f1"
    >
      RoboFriends
    </h1>
    <button
      color="red"
      id="counter"
      onClick={[Function]}
    >
      Count: 
      0
    </button>
  </div>
  <div>
    <input
      className="pa3 ba b--green bg-lightest-blue"
      placeholder="search robots"
      type="search"
    />
  </div>
  <div
    style={
      Object {
        "border": "5px solid black",
        "height": "500px",
        "overflowY": "scroll",
      }
    }
  >
    <div />
  </div>
</div>
`;
